cargo : warning: 
multiple associated 
constants are never 
used
At line:1 char:1
+ cargo check -p 
aegis-lang > 
build_error.log 2>&1
+ ~~~~~~~~~~~~~~~~~~~
~~~~~~~~~~~~~~~~~~~~~
~~~~~~~~
    + CategoryInfo   
           : NotSpe  
  cified: (warning   
 : multip... are     
never used:Strin    
g) [], RemoteExc    
eption
    + FullyQualified 
   ErrorId : Native  
  CommandError
 
   --> aegis-core\src
\os.rs:95:11
    |
 91 | impl 
PageTableEntry {
    | 
------------------- 
associated constants 
in this 
implementation
...
 95 |     const 
USER_ACCESSIBLE: u...
    |           
^^^^^^^^^^^^^^^
 96 |     const 
WRITE_THROUGH: u64...
    |           
^^^^^^^^^^^^^
 97 |     const 
NO_CACHE: u64 = 1 ...
    |           
^^^^^^^^
 98 |     const 
ACCESSED: u64 = 1 ...
    |           
^^^^^^^^
 99 |     const 
DIRTY: u64 = 1 << 6;
    |           ^^^^^
100 |     const 
HUGE_PAGE: u64 = 1...
    |           
^^^^^^^^^
101 |     const 
GLOBAL: u64 = 1 << 8;
    |           
^^^^^^
102 |     const 
NO_EXECUTE: u64 = ...
    |           
^^^^^^^^^^
    |
    = note: 
`#[warn(dead_code)]` 
(part of 
`#[warn(unused)]`) 
on by default

warning: 
`aegis-core` (lib) 
generated 1 warning
    Checking 
aegis-lang v0.1.0 (C:
\Users\teert\OneDrive
\Desktop\New folder (
11)\aegis\aegis-lang)
error[E0428]: the 
name `Continue` is 
defined multiple 
times
   --> aegis-lang\src
\ast.rs:295:5
    |
292 |     Continue(Co
ntinueStmt),
    |     -----------
----------- previous 
definition of the 
type `Continue` here
...
295 |     Continue(Co
ntinueStmt),
    |     ^^^^^^^^^^^
^^^^^^^^^^^ 
`Continue` redefined 
here
    |
    = note: 
`Continue` must be 
defined only once in 
the type namespace 
of this enum

error[E0004]: 
non-exhaustive 
patterns: `&ast::Stat
ement::Continue(_)` 
not covered
   --> aegis-lang\src
\ast.rs:273:10
    |
273 | 
#[derive(Debug, 
Clone)]
    |          ^^^^^ 
pattern `&ast::Statem
ent::Continue(_)` 
not covered
    |
note: 
`ast::Statement` 
defined here
   --> aegis-lang\src
\ast.rs:274:10
    |
274 | pub enum 
Statement {
    |          
^^^^^^^^^
...
295 |     Continue(Co
ntinueStmt),
    |     -------- 
not covered
    = note: the 
matched value is of 
type 
`&ast::Statement`

error[E0004]: 
non-exhaustive 
patterns: `&ast::Stat
ement::Continue(_)` 
not covered
   --> aegis-lang\src
\ast.rs:273:17
    |
273 | 
#[derive(Debug, 
Clone)]
    |                
 ^^^^^ pattern `&ast:
:Statement::Continue(
_)` not covered
    |
note: 
`ast::Statement` 
defined here
   --> aegis-lang\src
\ast.rs:274:10
    |
274 | pub enum 
Statement {
    |          
^^^^^^^^^
...
295 |     Continue(Co
ntinueStmt),
    |     -------- 
not covered
    = note: the 
matched value is of 
type 
`&ast::Statement`

error[E0004]: 
non-exhaustive 
patterns: `&ast::Stat
ement::Continue(_)` 
not covered
   --> aegis-lang\src
\interpreter.rs:557:1
5
    |
557 |         match 
stmt {
    |               
^^^^ pattern `&ast::S
tatement::Continue(_)
` not covered
    |
note: 
`ast::Statement` 
defined here
   --> aegis-lang\src
\ast.rs:274:10
    |
274 | pub enum 
Statement {
    |          
^^^^^^^^^
...
295 |     Continue(Co
ntinueStmt),
    |     -------- 
not covered
    = note: the 
matched value is of 
type 
`&ast::Statement`
help: ensure that 
all possible cases 
are being handled by 
adding a match arm 
with a wildcard 
pattern or an 
explicit pattern as 
shown
    |
586 ~             
Statement::Empty => 
Ok(Value::Unit),
587 ~             &as
t::Statement::Continu
e(_) => todo!(),
    |

Some errors have 
detailed 
explanations: E0004, 
E0428.
For more information 
about an error, try 
`rustc --explain 
E0004`.
error: could not 
compile `aegis-lang` 
(lib) due to 4 
previous errors
