cargo : warning: multiple associated constants are never used
At line:1 char:1
+ cargo test -p aegis-lang --lib interpreter::tests::test_seal_demo > t ...
+ ~~~~~~~~~~~~~~~~~~~~~~~~~~~~~~~~~~~~~~~~~~~~~~~~~~~~~~~~~~~~~~~~~~~~~
    + CategoryInfo          : NotSpecified: (warning: multip... are never used:String) [], RemoteException
    + FullyQualifiedErrorId : NativeCommandError
 
   --> aegis-core\src\os.rs:95:11
    |
 91 | impl PageTableEntry {
    | ------------------- associated constants in this implementation
...
 95 |     const USER_ACCESSIBLE: u...
    |           ^^^^^^^^^^^^^^^
 96 |     const WRITE_THROUGH: u64...
    |           ^^^^^^^^^^^^^
 97 |     const NO_CACHE: u64 = 1 ...
    |           ^^^^^^^^
 98 |     const ACCESSED: u64 = 1 ...
    |           ^^^^^^^^
 99 |     const DIRTY: u64 = 1 << 6;
    |           ^^^^^
100 |     const HUGE_PAGE: u64 = 1...
    |           ^^^^^^^^^
101 |     const GLOBAL: u64 = 1 << 8;
    |           ^^^^^^
102 |     const NO_EXECUTE: u64 = ...
    |           ^^^^^^^^^^
    |
    = note: `#[warn(dead_code)]` (part of `#[warn(unused)]`) on by default

warning: `aegis-core` (lib) generated 1 warning
    Finished `test` profile [optimized + debuginfo] target(s) in 0.04s
     Running unittests src\lib.rs (target\debug\deps\aegis_lang-04418fd5aef66a44.exe)

running 1 test
test interpreter::tests::test_seal_demo ... FAILED

failures:

---- interpreter::tests::test_seal_demo stdout ----
Parsing ident expr for: Ml
Next token: Dot
Parsing ident expr for: network
Next token: Dot
Parsing ident expr for: network
Next token: Dot
Parsing ident expr for: Seal
Next token: Dot
Parsing ident expr for: network
Next token: Comma
Parsing ident expr for: data
Next token: Comma
Parsing ident expr for: targets
Next token: RParen

thread 'interpreter::tests::test_seal_demo' (27008) panicked at aegis-lang\src\interpreter.rs:1325:9:
Execution failed: Some("Type cannot handle method calls")
note: run with `RUST_BACKTRACE=1` environment variable to display a backtrace


failures:
    interpreter::tests::test_seal_demo

test result: FAILED. 0 passed; 1 failed; 0 ignored; 0 measured; 6 filtered out; finished in 0.00s

error: test failed, to rerun pass `-p aegis-lang --lib`
